// Jest Snapshot v1, https://goo.gl/fbAQLP

exports[`Absolute renders without error 1`] = `
.css-17z7rhr,
[data-css-17z7rhr] {
  position: absolute;
  top: 3px;
  right: 1px;
  left: 2px;
}

.css-4p3ux5,
[data-css-4p3ux5] {
  box-sizing: border-box;
  flex: 0 0 auto;
  -webkit-flex: 0 0 auto;
}

<div
  data-css-17z7rhr=""
  data-css-4p3ux5=""
/>
`;
