// Jest Snapshot v1, https://goo.gl/fbAQLP

exports[`Line renders correctly 1`] = `
.css-bawo03,
[data-css-bawo03] {
  height: 1px;
  width: 100%;
}

.css-yirehu,
[data-css-yirehu] {
  box-sizing: border-box;
  align-content: center;
  align-items: center;
  display: -webkit-box;
  display: -moz-box;
  display: -ms-flexbox;
  display: -webkit-flex;
  display: flex;
  flex-direction: column;
  justify-content: center;
  flex: 0 0 auto;
  -webkit-align-content: center;
  -webkit-box-align: center;
  -webkit-align-items: center;
  -webkit-box-orient: vertical;
  -webkit-box-direction: normal;
  -webkit-flex-direction: column;
  -webkit-box-pack: center;
  -webkit-justify-content: center;
  -webkit-flex: 0 0 auto;
}

<div
  data-css-bawo03=""
  data-css-yirehu=""
/>
`;
