// Jest Snapshot v1, https://goo.gl/fbAQLP

exports[`NotificationBubble renders without error 1`] = `
.css-1uw148h,
[data-css-1uw148h] {
  z-index: 200;
  position: fixed;
  bottom: 50px;
  left: 50%;
  transform: translate(-50%, 0);
  margin: 0 auto;
  width: 260px;
  height: 68px;
  border-radius: 45px;
  box-shadow: 2px 2px 14px 1px rgba(35,35,35,0.2);
  -webkit-transform: translate(-50%, 0);
}

.css-13ph0e0,
[data-css-13ph0e0] {
  width: 200px;
  margin-left: 20px;
}

.css-4p3ux5,
[data-css-4p3ux5] {
  box-sizing: border-box;
  flex: 0 0 auto;
  -webkit-flex: 0 0 auto;
}

.css-h7582n,
[data-css-h7582n] {
  box-sizing: border-box;
  align-content: center;
  align-items: center;
  display: -webkit-box;
  display: -moz-box;
  display: -ms-flexbox;
  display: -webkit-flex;
  display: flex;
  flex-direction: row;
  justify-content: flex-start;
  flex: 0 0 auto;
  -webkit-align-content: center;
  -webkit-box-align: center;
  -webkit-align-items: center;
  -webkit-box-orient: horizontal;
  -webkit-box-direction: normal;
  -webkit-flex-direction: row;
  -webkit-box-pack: start;
  -webkit-justify-content: flex-start;
  -webkit-flex: 0 0 auto;
}

.css-ms4fmp,
[data-css-ms4fmp] {
  box-sizing: border-box;
  align-content: stretch;
  align-items: stretch;
  display: -webkit-box;
  display: -moz-box;
  display: -ms-flexbox;
  display: -webkit-flex;
  display: flex;
  flex-direction: row;
  justify-content: flex-start;
  flex: 1 1 70%;
  -webkit-align-content: stretch;
  -webkit-box-align: stretch;
  -webkit-align-items: stretch;
  -webkit-box-orient: horizontal;
  -webkit-box-direction: normal;
  -webkit-flex-direction: row;
  -webkit-box-pack: start;
  -webkit-justify-content: flex-start;
  -webkit-flex: 1 1 70%;
}

.css-140zp7a,
[data-css-140zp7a] {
  display: block;
  font-family: "Open Sans", Helvetica, Arial, sans-serif;
  font-size: 14px;
  text-align: center;
  white-space: pre-wrap;
  word-break: break-word;
  color: #ffffff;
}

.css-17pfsf1,
[data-css-17pfsf1] {
  box-sizing: border-box;
  align-content: center;
  align-items: center;
  display: -webkit-box;
  display: -moz-box;
  display: -ms-flexbox;
  display: -webkit-flex;
  display: flex;
  flex-direction: row;
  justify-content: center;
  flex: 1 1 30%;
  -webkit-align-content: center;
  -webkit-box-align: center;
  -webkit-align-items: center;
  -webkit-box-orient: horizontal;
  -webkit-box-direction: normal;
  -webkit-flex-direction: row;
  -webkit-box-pack: center;
  -webkit-justify-content: center;
  -webkit-flex: 1 1 30%;
}

<div
  data-css-4p3ux5=""
>
  <div
    data-css-1uw148h=""
    data-css-h7582n=""
    style={
      Object {
        "backgroundColor": "#3598db",
        "bottom": -50,
      }
    }
  >
    <div
      data-css-13ph0e0=""
      data-css-ms4fmp=""
    >
      <div
        data-css-140zp7a=""
        data-css-4p3ux5=""
        style={
          Object {
            "width": "100%",
          }
        }
      >
        Hello World
      </div>
    </div>
    <div
      data-css-17pfsf1=""
    >
      <div
        dangerouslySetInnerHTML={
          Object {
            "__html": undefined,
          }
        }
        data-css-4p3ux5=""
        size={32.5}
        style={
          Object {
            "fill": "white",
            "height": 32.5,
            "stroke": false,
            "width": 32.5,
          }
        }
      />
    </div>
  </div>
</div>
`;
